// Jest Snapshot v1, https://goo.gl/fbAQLP

exports[`Testing the AlertMsg matches snapshot 1`] = `
<DocumentFragment>
  <div
    class="makeStyles-root-2"
  />
</DocumentFragment>
`;
