// Jest Snapshot v1, https://goo.gl/fbAQLP

exports[`Testing the HomeMission matches snapshot 1`] = `
<DocumentFragment>
  <div
    id="HomeMission"
  >
    <div
      class="container"
    >
      <div
        class="row"
      >
        <div
          class="col-md-6"
        >
          <img
            alt=""
            src="pickleball.jpg"
          />
        </div>
        <div
          class="col-md-6"
        >
          <h1>
            We're on a mission
          </h1>
          <p>
            Our goal is to grow Pickleball by making it easier to connect with players, get practice, and play matches at your local courts
          </p>
        </div>
      </div>
    </div>
  </div>
</DocumentFragment>
`;
