// Jest Snapshot v1, https://goo.gl/fbAQLP

exports[`Testing the DashboardActions matches snapshot 1`] = `
<DocumentFragment>
  <div
    class="row"
  >
    <div
      class="col-lg-6 mb-3"
    >
      <a
        href="/edit-profile"
      >
        <button
          class="MuiButtonBase-root MuiButton-root MuiButton-outlined MuiButton-outlinedPrimary MuiButton-fullWidth"
          tabindex="0"
          type="button"
        >
          <span
            class="MuiButton-label"
          >
             
            <i
              class="fas fa-user-circle mr-1"
            />
             Edit Profile
          </span>
          <span
            class="MuiTouchRipple-root"
          />
        </button>
      </a>
    </div>
    <div
      class="col-lg-6 mb-3"
    >
      <a
        href="/upload-photo"
      >
        <button
          class="MuiButtonBase-root MuiButton-root MuiButton-outlined MuiButton-outlinedPrimary MuiButton-fullWidth"
          tabindex="0"
          type="button"
        >
          <span
            class="MuiButton-label"
          >
             
            <i
              class="fas fa-upload mr-1"
            />
             Edit Photo
          </span>
          <span
            class="MuiTouchRipple-root"
          />
        </button>
      </a>
    </div>
    <div
      class="col-lg-12 mb-3"
    >
      <button
        class="MuiButtonBase-root MuiButton-root MuiButton-outlined MuiButton-outlinedSecondary MuiButton-fullWidth"
        tabindex="0"
        type="button"
      >
        <span
          class="MuiButton-label"
        >
           
          <i
            class="fas fa-trash mr-1"
          />
           Delete Account
        </span>
        <span
          class="MuiTouchRipple-root"
        />
      </button>
    </div>
  </div>
</DocumentFragment>
`;
