// Jest Snapshot v1, https://goo.gl/fbAQLP

exports[`Testing the ProfilePlaces matches snapshot 1`] = `
<DocumentFragment>
  Loading Maps
</DocumentFragment>
`;
